9
He later learned that the incident was caused by the Concorde's sonic boom.
He later found out the alarming incident had been caused by Concorde's powerful sonic boom.


23
AAA spokesman Jerry Cheske said prices may have affected some plans, but cheap hotel deals mitigated the effect.
AAA spokesman Jerry Cheske said prices might have affected some plans, but cheap hotel deals made up for it.


81
After protesters rushed the stage and twice cut power to the microphone, Hedges drew the speech to an early close.
After protesters rushed the stage and twice cut power to the microphone, Hedges cut his speech short.


84
Doctors say one or both boys may die, and that some brain damage is possible if they survive.
Doctors said that one or both of the boys may die and that if they survive, some brain damage is possible.


101
The company claims it's the largest single Apple VAR Xserve sale to date.
The company claimed it is the largest sale of Xserves by an Apple retailer.


106
The value will total about $124 million, including convertible securities, according to Corel.
Including convertible securities, the total estimated value of the deal is $124 million, according to Corel.


138
But software license revenues, a measure financial analysts watch closely, decreased 21 percent to $107.6 million.
License sales, a key measure of demand, fell 21 percent to $107.6 million.


209
Sendmail said the system can even be set up to permit business-only usage.
The product can be instructed to permit business-only use, according to Sendmail.


263
The operating revenues were $1.45 billion, an increase over last year's result of $1.38 billion.
Operating revenues rose to $1.45 billion from $1.38 billion last year.


273
Ruffner, 45, doesn't yet have an attorney in the murder charge, authorities said.
Ruffner, 45, does not have a lawyer on the murder charge, authorities said.


277
The report shows that drugs sold in Canadian pharmacies are manufactured in facilities approved by Health Canada - the FDA's counterpart in Canada.
The report shows that drugs sold in Canadian pharmacies are manufactured in facilities approved by Health Canada, which serves a similar role as the FDA for the Canadian government.


288
Who will succeed Mr. O'Neill at Hyundai is not clear.
There is no clear successor for Mr. O'Neill at Hyundai.


336
"The gloves are off," said UNIFI official Rob O'Neill.
Unifi official Rob O'Neill said: "The gloves are off.


460
The island nation reported 65 new cases on May 22, a one day record, and 55 new cases on May 23, making Taiwan's epidemic the fastest-growing in the world.
Taiwan reported 65 new cases on May 22, a one-day record, and 55 new cases on May 23, making its epidemic the world's fastest-growing.


475
South Africa has the world's highest caseload with 4.7 million people infected with HIV or AIDS.
With 4.7 million people infected with HIV or AIDS, South Africa has the world's highest AIDS caseload.


504
BioReliance's stock closed down 2 cents yesterday at $47.98 per share.
Shares of BioReliance sold at $47.98 at the close of market yesterday, down 2 cents.


540
Druce will face murder charges, Conte said.
Conte said Druce will be charged with murder.


542
EU ministers were invited to the conference but canceled because the union is closing talks on agricultural reform, said Gerry Kiely, a EU agriculture representative in Washington.
Gerry Kiely, a EU agriculture representative in Washington, said EU ministers were invited but canceled because the union is closing talks on agricultural reform.


558
No Americans were reported among the casualties, according to Capt. Michael Calvert, a spokesman for the regiment.
None of the casualties was Americans, said Capt. Michael Calvert, regiment spokesman.


593
And now it's anything he wants to say," Alesha Badgley, Stone County Nursing and Rehabilitation Center social director, said this week.
And now it's anything he wants to say," confirmed Stone County Nursing and Rehabilitation Center social director Alesha Badgley.


594
The national denomination of the Episcopal Church, with 2.3 million members, is the U.S. branch of the 77 million-member Anglican Communion.
The Episcopal Church, with 2.3 million members, is the American branch of the worldwide Anglican Communion, which has 77 million adherents.


628
Police spokesman Brig. Gen. Edward Aritonang confirmed Saturday that another two had been arrested, one in Jakarta and another in Magelang, Central Java.
Brigadier General Edward Aritonang, a police spokesman, confirmed yesterday that another two had been arrested, one in Jakarta and another in Magelang, Central Java.


727
When you crossed the line, you violated the constitutional right," said Charles Weisselberg, a UC Berkeley law professor.
When you crossed the line, you violated the constitutional right," said Charles Weisselberg, who teaches law at the University of California, Berkeley.


